
nunes@LAPTOP-CIORB8UB MINGW64 ~/OneDrive/Área de Trabalho
$ cd ..

nunes@LAPTOP-CIORB8UB MINGW64 ~/OneDrive
$ cd ..

nunes@LAPTOP-CIORB8UB MINGW64 ~
$ cd ..

nunes@LAPTOP-CIORB8UB MINGW64 /c/Users
$ cd ..

nunes@LAPTOP-CIORB8UB MINGW64 /c
$ cd workspace

nunes@LAPTOP-CIORB8UB MINGW64 /c/workspace
$ git clone https://github.com/SCRUM41/dio-desafio-github-primeiro-repositorio.git
Cloning into 'dio-desafio-github-primeiro-repositorio'...
remote: Enumerating objects: 9, done.
remote: Counting objects: 100% (9/9), done.
remote: Compressing objects: 100% (6/6), done.
remote: Total 9 (delta 1), reused 0 (delta 0), pack-reused 0
Receiving objects: 100% (9/9), done.
Resolving deltas: 100% (1/1), done.

nunes@LAPTOP-CIORB8UB MINGW64 /c/workspace
$ cd dio-desafio-github-primeiro-repositorio/

nunes@LAPTOP-CIORB8UB MINGW64 /c/workspace/dio-desafio-github-primeiro-repositorio (main)
$ git status
On branch main
Your branch is up to date with 'origin/main'.

nothing to commit, working tree clean

nunes@LAPTOP-CIORB8UB MINGW64 /c/workspace/dio-desafio-github-primeiro-repositorio (main)
$ git status
On branch main
Your branch is up to date with 'origin/main'.

nothing to commit, working tree clean

nunes@LAPTOP-CIORB8UB MINGW64 /c/workspace/dio-desafio-github-primeiro-repositorio (main)
$ git status
On branch main
Your branch is up to date with 'origin/main'.

Untracked files:
  (use "git add <file>..." to include in what will be committed)
        "Introdu\303\247\303\243o ao Git e GitHub 22-8-22/"

nothing added to commit but untracked files present (use "git add" to track)

nunes@LAPTOP-CIORB8UB MINGW64 /c/workspace/dio-desafio-github-primeiro-repositorio (main)
$ git add*
git: 'add*' is not a git command. See 'git --help'.

The most similar command is
        add

nunes@LAPTOP-CIORB8UB MINGW64 /c/workspace/dio-desafio-github-primeiro-repositorio (main)
$ git add .

nunes@LAPTOP-CIORB8UB MINGW64 /c/workspace/dio-desafio-github-primeiro-repositorio (main)
$ git status
On branch main
Your branch is up to date with 'origin/main'.

Changes to be committed:
  (use "git restore --staged <file>..." to unstage)
        new file:   "Introdu\303\247\303\243o ao Git e GitHub 22-8-22/Anota\303\247\303\265es de comandos 22-8-22.txt"


nunes@LAPTOP-CIORB8UB MINGW64 /c/workspace/dio-desafio-github-primeiro-repositorio (main)
$ git commit -m "Inclusão das anotações do curso de Git/GitHub"
[main a628866] Inclusão das anotações do curso de Git/GitHub
 1 file changed, 51 insertions(+)
 create mode 100644 "Introdu\303\247\303\243o ao Git e GitHub 22-8-22/Anota\303\247\303\265es de comandos 22-8-22.txt"

nunes@LAPTOP-CIORB8UB MINGW64 /c/workspace/dio-desafio-github-primeiro-repositorio (main)
$ git status
On branch main
Your branch is ahead of 'origin/main' by 1 commit.
  (use "git push" to publish your local commits)

Changes not staged for commit:
  (use "git add <file>..." to update what will be committed)
  (use "git restore <file>..." to discard changes in working directory)
        modified:   "Introdu\303\247\303\243o ao Git e GitHub 22-8-22/Anota\303\247\303\265es de comandos 22-8-22.txt"

no changes added to commit (use "git add" and/or "git commit -a")

nunes@LAPTOP-CIORB8UB MINGW64 /c/workspace/dio-desafio-github-primeiro-repositorio (main)
$ git add .

nunes@LAPTOP-CIORB8UB MINGW64 /c/workspace/dio-desafio-github-primeiro-repositorio (main)
$ git status
On branch main
Your branch is ahead of 'origin/main' by 1 commit.
  (use "git push" to publish your local commits)

Changes to be committed:
  (use "git restore --staged <file>..." to unstage)
        modified:   "Introdu\303\247\303\243o ao Git e GitHub 22-8-22/Anota\303\247\303\265es de comandos 22-8-22.txt"


nunes@LAPTOP-CIORB8UB MINGW64 /c/workspace/dio-desafio-github-primeiro-repositorio (main)
$ git status
On branch main
Your branch is ahead of 'origin/main' by 1 commit.
  (use "git push" to publish your local commits)

Changes to be committed:
  (use "git restore --staged <file>..." to unstage)
        modified:   "Introdu\303\247\303\243o ao Git e GitHub 22-8-22/Anota\303\247\303\265es de comandos 22-8-22.txt"


nunes@LAPTOP-CIORB8UB MINGW64 /c/workspace/dio-desafio-github-primeiro-repositorio (main)
$ git commit -m "Inclusão das anotações do curso de Git/GitHub"
[main d26c02e] Inclusão das anotações do curso de Git/GitHub
 1 file changed, 6 insertions(+)

nunes@LAPTOP-CIORB8UB MINGW64 /c/workspace/dio-desafio-github-primeiro-repositorio (main)
$ git status
On branch main
Your branch is ahead of 'origin/main' by 2 commits.
  (use "git push" to publish your local commits)

nothing to commit, working tree clean

nunes@LAPTOP-CIORB8UB MINGW64 /c/workspace/dio-desafio-github-primeiro-repositorio (main)
$ git status
On branch main
Your branch is ahead of 'origin/main' by 2 commits.
  (use "git push" to publish your local commits)

Changes not staged for commit:
  (use "git add <file>..." to update what will be committed)
  (use "git restore <file>..." to discard changes in working directory)
        modified:   "Introdu\303\247\303\243o ao Git e GitHub 22-8-22/Anota\303\247\303\265es de comandos 22-8-22.txt"

no changes added to commit (use "git add" and/or "git commit -a")

nunes@LAPTOP-CIORB8UB MINGW64 /c/workspace/dio-desafio-github-primeiro-repositorio (main)
$ git add .

nunes@LAPTOP-CIORB8UB MINGW64 /c/workspace/dio-desafio-github-primeiro-repositorio (main)
$ git status
On branch main
Your branch is ahead of 'origin/main' by 2 commits.
  (use "git push" to publish your local commits)

Changes to be committed:
  (use "git restore --staged <file>..." to unstage)
        modified:   "Introdu\303\247\303\243o ao Git e GitHub 22-8-22/Anota\303\247\303\265es de comandos 22-8-22.txt"


nunes@LAPTOP-CIORB8UB MINGW64 /c/workspace/dio-desafio-github-primeiro-repositorio (main)
$ git commit -m "Inclusão das anotações do curso de Git/GitHub"
[main 97e0599] Inclusão das anotações do curso de Git/GitHub
 1 file changed, 1 insertion(+), 1 deletion(-)

nunes@LAPTOP-CIORB8UB MINGW64 /c/workspace/dio-desafio-github-primeiro-repositorio (main)
$ git push origin main
Enumerating objects: 13, done.
Counting objects: 100% (13/13), done.
Delta compression using up to 4 threads
Compressing objects: 100% (12/12), done.
Writing objects: 100% (12/12), 2.23 KiB | 456.00 KiB/s, done.
Total 12 (delta 2), reused 0 (delta 0), pack-reused 0
remote: Resolving deltas: 100% (2/2), done.
To https://github.com/SCRUM41/dio-desafio-github-primeiro-repositorio.git
   2b31ea1..97e0599  main -> main

nunes@LAPTOP-CIORB8UB MINGW64 /c/workspace/dio-desafio-github-primeiro-repositorio (main)
$ 